  retry 1 NAS100/USD 2007-12-19: [429] too many concurrent requests for this key; retry shortly
  NAS100/USD 2008...
  retry 1 NAS100/USD 2008-06-01: [429] rate limit exceeded; slow down to your plan's calls per minute
  retry 2 NAS100/USD 2008-06-01: [429] rate limit exceeded; slow down to your plan's calls per minute
  retry 3 NAS100/USD 2008-06-01: [429] rate limit exceeded; slow down to your plan's calls per minute
  retry 1 NAS100/USD 2008-09-23: [429] too many concurrent requests for this key; retry shortly
  retry 1 NAS100/USD 2008-10-11: [429] too many concurrent requests for this key; retry shortly
  NAS100/USD 2009...
  retry 1 NAS100/USD 2009-02-20: [429] too many concurrent requests for this key; retry shortly
  retry 1 NAS100/USD 2009-05-24: [429] rate limit exceeded; slow down to your plan's calls per minute
  retry 2 NAS100/USD 2009-05-24: [429] rate limit exceeded; slow down to your plan's calls per minute
  retry 1 NAS100/USD 2010-01-07: [429] rate limit exceeded; slow down to your plan's calls per minute
  retry 2 NAS100/USD 2010-01-07: [429] rate limit exceeded; slow down to your plan's calls per minute
  retry 1 NAS100/USD 2010-02-21: [429] too many concurrent requests for this key; retry shortly
  retry 1 NAS100/USD 2010-07-06: [429] rate limit exceeded; slow down to your plan's calls per minute
  retry 2 NAS100/USD 2010-07-06: [429] rate limit exceeded; slow down to your plan's calls per minute
  retry 1 NAS100/USD 2010-07-09: [429] too many concurrent requests for this key; retry shortly
  NAS100/USD 2011...
  retry 1 NAS100/USD 2011-01-14: [429] rate limit exceeded; slow down to your plan's calls per minute
  retry 2 NAS100/USD 2011-01-14: [429] rate limit exceeded; slow down to your plan's calls per minute
  retry 1 NAS100/USD 2011-07-13: [429] too many concurrent requests for this key; retry shortly
  retry 1 NAS100/USD 2011-07-19: [429] rate limit exceeded; slow down to your plan's calls per minute
  retry 2 NAS100/USD 2011-07-19: [429] rate limit exceeded; slow down to your plan's calls per minute
  retry 3 NAS100/USD 2011-07-19: [429] rate limit exceeded; slow down to your plan's calls per minute
Traceback (most recent call last):
  File "C:\Users\user\ORB\tools\pull_lse.py", line 18, in <module>
    download(LSE(), symbol, "1m", start, end, dataset=dataset, out=out)
    ~~~~~~~~^^^^^^^^^^^^^^^^^^^^^^^^^^^^^^^^^^^^^^^^^^^^^^^^^^^^^^^^^^^
  File "C:\Users\user\Model\engine\data_lse.py", line 61, in download
    print(f"wrote {out.relative_to(ROOT)}: {len(allb)} bars, {t.min()} -> {t.max()}", flush=True)
                   ~~~~~~~~~~~~~~~^^^^^^
  File "C:\Users\user\AppData\Local\Programs\Python\Python313\Lib\pathlib\_local.py", line 385, in relative_to
    raise ValueError(f"{str(self)!r} is not in the subpath of {str(other)!r}")
ValueError: 'C:\\Users\\user\\ORB\\data\\nas100_b_1m_lse.csv' is not in the subpath of 'C:\\Users\\user\\Model'
exit 1
